// Jest Snapshot v1, https://goo.gl/fbAQLP

exports[`FlightDetailsScreen renders correctly 1`] = `
<View
  style={
    {
      "backgroundColor": "#7bd3f7",
      "flex": 1,
    }
  }
>
  <View
    style={
      {
        "backgroundColor": "#f8f9fa",
        "borderTopLeftRadius": 1000,
        "flex": 1,
        "padding": 20,
        "paddingTop": 100,
      }
    }
  >
    <View
      style={
        {
          "borderColor": "#ced4da",
          "borderRadius": 20,
          "borderWidth": 2,
          "padding": 12,
        }
      }
    >
      <Text
        style={
          {
            "color": "#343a40",
            "fontSize": 24,
            "fontWeight": "bold",
            "marginBottom": 20,
          }
        }
      >
        Flight Details
      </Text>
      <View
        collapsable={false}
        style={
          {
            "alignItems": "center",
            "flexDirection": "row",
            "marginBottom": 10,
            "opacity": 0,
          }
        }
      >
        <Text
          style={
            {
              "color": "#555",
              "fontSize": 16,
              "fontWeight": "bold",
              "marginRight": 5,
            }
          }
        >
          Aircraft:
        </Text>
        <Text
          style={
            {
              "color": "#333",
              "fontSize": 16,
            }
          }
        >
          Boeing 787
        </Text>
      </View>
      <View
        collapsable={false}
        style={
          {
            "alignItems": "center",
            "flexDirection": "row",
            "marginBottom": 10,
            "opacity": 0,
          }
        }
      >
        <Text
          style={
            {
              "color": "#555",
              "fontSize": 16,
              "fontWeight": "bold",
              "marginRight": 5,
            }
          }
        >
          Airline:
        </Text>
        <Text
          style={
            {
              "color": "#333",
              "fontSize": 16,
            }
          }
        >
          Air India
        </Text>
      </View>
      <View
        collapsable={false}
        style={
          {
            "alignItems": "center",
            "flexDirection": "row",
            "marginBottom": 10,
            "opacity": 0,
          }
        }
      >
        <Text
          style={
            {
              "color": "#555",
              "fontSize": 16,
              "fontWeight": "bold",
              "marginRight": 5,
            }
          }
        >
          Departure Date:
        </Text>
        <Text
          style={
            {
              "color": "#333",
              "fontSize": 16,
            }
          }
        >
          2024-03-15T17:00:00
        </Text>
      </View>
      <View
        collapsable={false}
        style={
          {
            "alignItems": "center",
            "flexDirection": "row",
            "marginBottom": 10,
            "opacity": 0,
          }
        }
      >
        <Text
          style={
            {
              "color": "#555",
              "fontSize": 16,
              "fontWeight": "bold",
              "marginRight": 5,
            }
          }
        >
          Arrival Date:
        </Text>
        <Text
          style={
            {
              "color": "#333",
              "fontSize": 16,
            }
          }
        >
          2024-03-15T20:30:00
        </Text>
      </View>
      <View
        collapsable={false}
        style={
          {
            "alignItems": "center",
            "flexDirection": "row",
            "marginBottom": 10,
            "opacity": 0,
          }
        }
      >
        <Text
          style={
            {
              "color": "#555",
              "fontSize": 16,
              "fontWeight": "bold",
              "marginRight": 5,
            }
          }
        >
          Origin:
        </Text>
        <Text
          style={
            {
              "color": "#333",
              "fontSize": 16,
            }
          }
        >
          Bangalore
        </Text>
      </View>
      <View
        collapsable={false}
        style={
          {
            "alignItems": "center",
            "flexDirection": "row",
            "marginBottom": 10,
            "opacity": 0,
          }
        }
      >
        <Text
          style={
            {
              "color": "#555",
              "fontSize": 16,
              "fontWeight": "bold",
              "marginRight": 5,
            }
          }
        >
          Destination:
        </Text>
        <Text
          style={
            {
              "color": "#333",
              "fontSize": 16,
            }
          }
        >
          Kolkata
        </Text>
      </View>
      <View
        collapsable={false}
        style={
          {
            "alignItems": "center",
            "flexDirection": "row",
            "marginBottom": 10,
            "opacity": 0,
          }
        }
      >
        <Text
          style={
            {
              "color": "#555",
              "fontSize": 16,
              "fontWeight": "bold",
              "marginRight": 5,
            }
          }
        >
          Flight Number:
        </Text>
        <Text
          style={
            {
              "color": "#333",
              "fontSize": 16,
            }
          }
        >
          AI230
        </Text>
      </View>
      <View
        collapsable={false}
        style={
          {
            "alignItems": "center",
            "flexDirection": "row",
            "marginBottom": 10,
            "opacity": 0,
          }
        }
      >
        <Text
          style={
            {
              "color": "#555",
              "fontSize": 16,
              "fontWeight": "bold",
              "marginRight": 5,
            }
          }
        >
          Duration:
        </Text>
        <Text
          style={
            {
              "color": "#333",
              "fontSize": 16,
            }
          }
        >
          3 hours 30 minutes
        </Text>
      </View>
      <View
        collapsable={false}
        style={
          {
            "alignItems": "center",
            "flexDirection": "row",
            "marginBottom": 10,
            "opacity": 0,
          }
        }
      >
        <Text
          style={
            {
              "color": "#555",
              "fontSize": 16,
              "fontWeight": "bold",
              "marginRight": 5,
            }
          }
        >
          Gate:
        </Text>
        <Text
          style={
            {
              "color": "#333",
              "fontSize": 16,
            }
          }
        >
          D10
        </Text>
      </View>
      <View
        collapsable={false}
        style={
          {
            "alignItems": "center",
            "flexDirection": "row",
            "marginBottom": 10,
            "opacity": 0,
          }
        }
      >
        <Text
          style={
            {
              "color": "#555",
              "fontSize": 16,
              "fontWeight": "bold",
              "marginRight": 5,
            }
          }
        >
          Price:
        </Text>
        <Text
          style={
            {
              "color": "#333",
              "fontSize": 16,
            }
          }
        >
          $6200
        </Text>
      </View>
      <View
        collapsable={false}
        style={
          {
            "alignItems": "center",
            "flexDirection": "row",
            "marginBottom": 10,
            "opacity": 0,
          }
        }
      >
        <Text
          style={
            {
              "color": "#555",
              "fontSize": 16,
              "fontWeight": "bold",
              "marginRight": 5,
            }
          }
        >
          Seats Available:
        </Text>
        <Text
          style={
            {
              "color": "#333",
              "fontSize": 16,
            }
          }
        >
          110
        </Text>
      </View>
    </View>
  </View>
</View>
`;
