// Jest Snapshot v1, https://goo.gl/fbAQLP

exports[`FlightRenderItem Component FlightRenderItem Component Snapshot renders correctly 1`] = `
<View
  accessibilityState={
    {
      "busy": undefined,
      "checked": undefined,
      "disabled": undefined,
      "expanded": undefined,
      "selected": undefined,
    }
  }
  accessibilityValue={
    {
      "max": undefined,
      "min": undefined,
      "now": undefined,
      "text": undefined,
    }
  }
  accessible={true}
  collapsable={false}
  focusable={true}
  onClick={[Function]}
  onResponderGrant={[Function]}
  onResponderMove={[Function]}
  onResponderRelease={[Function]}
  onResponderTerminate={[Function]}
  onResponderTerminationRequest={[Function]}
  onStartShouldSetResponder={[Function]}
  style={
    {
      "backgroundColor": "#fff",
      "borderRadius": 10,
      "elevation": 7,
      "flexDirection": "row",
      "justifyContent": "space-between",
      "marginBottom": 10,
      "opacity": 1,
      "shadowColor": "#000",
      "shadowOffset": {
        "height": 4,
        "width": 0,
      },
      "shadowOpacity": 0.5,
      "shadowRadius": 5.84,
    }
  }
  testID="flight-item-touchable"
>
  <View
    style={
      {
        "padding": 15,
      }
    }
  >
    <Text
      style={
        {
          "color": "#2f4149",
          "fontSize": 18,
          "fontWeight": "bold",
          "marginBottom": 5,
        }
      }
    >
      Air India
    </Text>
    <Text
      style={
        {
          "color": "#70a8c0",
          "fontSize": 16,
          "marginBottom": 5,
        }
      }
    >
      Bangalore -&gt; Kolkata
    </Text>
  </View>
  <View
    style={
      {
        "alignItems": "center",
        "backgroundColor": "#7bd3f7",
        "borderBottomRightRadius": 10,
        "borderTopRightRadius": 10,
        "justifyContent": "center",
        "paddingHorizontal": 15,
        "paddingVertical": 10,
        "width": 125,
      }
    }
  >
    <Text
      style={
        {
          "color": "white",
          "fontSize": 18,
          "fontWeight": "bold",
        }
      }
    >
      6200
       â‚¹
    </Text>
    <Text
      style={
        {
          "color": "#70a8c0",
          "fontSize": 16,
        }
      }
    >
      110
       Seats
    </Text>
  </View>
</View>
`;
