// Jest Snapshot v1, https://goo.gl/fbAQLP

exports[`SearchSortFilterBar renders correctly 1`] = `
<View
  style={
    {
      "marginBottom": 20,
    }
  }
>
  <View
    style={
      {
        "alignItems": "center",
        "flexDirection": "row",
        "gap": 5,
        "justifyContent": "space-between",
        "width": 280,
      }
    }
  >
    <View
      style={
        {
          "alignItems": "center",
          "borderColor": "#ced4da",
          "borderRadius": 20,
          "borderWidth": 1,
          "flexDirection": "row",
          "marginBottom": 20,
          "paddingHorizontal": 10,
        }
      }
    >
      <TextInput
        onChangeText={[Function]}
        placeholder="Search by airline"
        placeholderTextColor="#777"
        style={
          {
            "color": "#495057",
            "flex": 1,
            "height": 40,
            "marginRight": 10,
          }
        }
        value=""
      />
      <Image
        source={
          {
            "testUri": "../../../src/assets/images/search.jpg",
          }
        }
      />
    </View>
    <View
      accessibilityState={
        {
          "busy": undefined,
          "checked": undefined,
          "disabled": undefined,
          "expanded": undefined,
          "selected": undefined,
        }
      }
      accessibilityValue={
        {
          "max": undefined,
          "min": undefined,
          "now": undefined,
          "text": undefined,
        }
      }
      accessible={true}
      collapsable={false}
      focusable={true}
      onClick={[Function]}
      onResponderGrant={[Function]}
      onResponderMove={[Function]}
      onResponderRelease={[Function]}
      onResponderTerminate={[Function]}
      onResponderTerminationRequest={[Function]}
      onStartShouldSetResponder={[Function]}
      style={
        {
          "opacity": 1,
        }
      }
      testID="dropdown-icon"
    >
      <View
        style={
          {
            "alignItems": "center",
            "borderColor": "#ced4da",
            "borderRadius": 25,
            "borderWidth": 1,
            "height": 45,
            "justifyContent": "center",
            "marginBottom": 20,
            "width": 45,
          }
        }
      >
        <Image
          source={
            {
              "testUri": "../../../src/assets/images/sort.jpg",
            }
          }
          style={
            {
              "height": 20,
              "width": 20,
            }
          }
        />
      </View>
    </View>
  </View>
</View>
`;
